// Bun Snapshot v1, https://bun.sh/docs/test/snapshots

exports[`approved prototype fidelity 80x24: selected phase only, compact details, and bounded lines 1`] = `
[
  " amira  │  workspace: ~/work/amira                               ? help · q quit",
  "phase: Code Agent ×3  │  running: 2/6  │  cost: $0.0106",
  "────────────────────────────────────────────────────────────────────────────────",
  "» 10:12:31  ✓ ○ User request   Add refresh token rotation and invalidate on l… ▸",
  "              │ ────────────────────────────────────────────────────────────────",
  "  10:12:31  ✓ ○ Plan           3 steps · 1 agent · 21s                         ▸",
  "              │ ────────────────────────────────────────────────────────────────",
  "  10:12:52  ● ◉ Code Agent ×3  Add refresh token rotation and invalidate on l… ▾",
  "              │  ╭────────────────────────────────────────────────────────────╮",
  "❯             ├──▶ ● worker-1   ━━━━──  70%                            o diff │",
  "              │  │   Add rotateRefreshToken() and persist jti. Update logout… │",
  "              │  │   Changed files                                            │",
  "              │  │   src/auth/refresh-token.ts                    +23  -2     │",
  "              │  │   +2 more · o open diff                                    │",
  "────────────────────────────────────── ≡ ───────────────────────────────────────",
  "  [Summary]  Diff  Logs  Actions  Stats",
  "────────────────────────────────────────────────────────────────────────────────",
  "  worker-1 · running · 38s",
  "  task-auth-middleware",
  " 1–4 tabs · o diff · a actions · ? shortcuts",
  "╭──────────────────────────────────────────────────────────────────────────────╮",
  "│ > Ask Amira after closing this view                                          │",
  "╰──────────────────────────────────────────────────────────────────────────────╯",
  "Tab focus · arrows navigate · Enter open/send · PgUp PgDn scroll · Esc close",
]
`;

exports[`approved prototype fidelity 180x52: equivalent scenario matches the target's timeline line by line 1`] = `
[
  " amira  │  workspace: ~/work/amira  │  phase: Code Agent ×3  │  running: 2/6  │  cost: $0.0106                                                               ? shortcuts  │  q quit",
  "────────────────────────────────────────────────────────────────────────────────────────────────────────────────────────────────────────────────────────────────────────────────────",
  "» 10:12:31  ✓ ○ User request    Add refresh token rotation and invalidate on logout                                                                                      req-7f3a  ▸",
  "              │ ────────────────────────────────────────────────────────────────────────────────────────────────────────────────────────────────────────────────────────────────────",
  "  10:12:31  ✓ ○ Plan            3 steps · 1 agent · 21s                                                                                                                 plan-9c1b  ▸",
  "              │ ────────────────────────────────────────────────────────────────────────────────────────────────────────────────────────────────────────────────────────────────────",
  "  10:12:52  ● ◉ Code Agent ×3   Add refresh token rotation and invalidate on logout   ▏running 38s▕                                                                      job-3a9d  ▾",
  "              │  ╭────────────────────────────────────────────────────────────────────────────────────────────────────────────────────────────────────────────────────────────────╮",
  "❯             ├──▶ ● worker-1      task-auth-middleware    [TypeScript]    ━━━━━━━━━━────  70%                      3 files changed ▸  │  Open diff   Pause   Request changes   ⋮ │",
  "              │  │   Add rotateRefreshToken() and persist jti. Update logout to revoke.                                                                                           │",
  "              │  │                                                                                                                                                                │",
  "              │  │   Changed files                                                                                                                                                │",
  "              │  │   src/auth/refresh-token.ts                    +23  -2                                                                                                         │",
  "              │  │   src/auth/logout.ts                            +6  -2                                                                                                         │",
  "              │  │   test/auth/refresh-token.test.ts              +20  -0                                                                                                         │",
  "              │  │ ────────────────────────────────────────────────────────────────────────────────────────────────────────────────────────────────────────────────────────────── │",
  "              ├──▶ ✓ worker-2      task-token-repo         [PostgreSQL]    ━━━━━━━━━━━━━━  100%                              1 file changed ▸  │  Open diff   Request changes   ⋮ │",
  "              │  │   Add jti column and index for refresh_tokens.                                                                                                                 │",
  "              │  │   done in 32s                                                                                                                                                  │",
  "              │  │                                                                                                                                                                │",
  "              │  │   Changed files                                                                                                                                                │",
  "              │  │   db/migrations/20240512_add_jti.sql           +14  -0                                                                                                         │",
  "              │  │ ────────────────────────────────────────────────────────────────────────────────────────────────────────────────────────────────────────────────────────────── │",
  "              ├──▶ ● worker-3      更新登录流程文档        [Markdown]      ━━━━━━━───────  50%                             no changes  │  Open diff   Pause   Request changes   ⋮ │",
  "              │  │   在登录流程文档里补充刷新令牌轮换和退出登录的说明。                                                                                                           │",
  "              │  │                                                                                                                                                                │",
  "              │  │ 3 agents · 2 running                                                                            e expand all · o diff · p pause/resume · r changes · a actions │",
  "              │  ╰────────────────────────────────────────────────────────────────────────────────────────────────────────────────────────────────────────────────────────────────╯",
  "              │ ────────────────────────────────────────────────────────────────────────────────────────────────────────────────────────────────────────────────────────────────────",
  "  --:--:--    ○ Integrate       queued                                                                                                                                   int-a1d2  ▸",
  "              │ ────────────────────────────────────────────────────────────────────────────────────────────────────────────────────────────────────────────────────────────────────",
  "  --:--:--    ○ Check           waiting                                                                                                                                  chk-5e7f  ▸",
  "              │ ────────────────────────────────────────────────────────────────────────────────────────────────────────────────────────────────────────────────────────────────────",
  "──────────────────────────────────────────────────────────────────────────────────────── ≡ ─────────────────────────────────────────────────────────────────────────────────────────",
  "  [Summary]  Diff  Logs  Actions  Stats                                                                                                          worker-1  task-auth-middleware   ✕",
  "────────────────────────────────────────────────────────────────────────────────────────────────────────────────────────────────────────────────────────────────────────────────────",
  "  Agent    worker-1              │   What this agent is doing                                                                    │   Changed files  3 files",
  "  Task     task-auth-middleware  │   Add rotateRefreshToken() and persist jti. Update logout to revoke.                          │   src/auth/refresh-token.ts               +23  -2",
  "  Kind     TypeScript            │                                                                                               │   src/auth/logout.ts                       +6  -2",
  "  Status   running               │   Steps  ✓✓✓›• 3/5                                                                            │   test/auth/refresh-token.test.ts         +20  -0",
  "  Runtime  38s                   │   ✓ Add rotateRefreshToken() helper                                                           │",
  "  Started  10:12:52              │   ✓ Persist jti to refresh_tokens                                                             │   Notes",
  "  Tokens   3.0k · $0.0042        │   ✓ Update logout to revoke tokens by jti                                                     │   Using uuid v7 for jti. Revocation via jti",
  "                                 │   › Add unit tests                                                                            │   blacklist + token families.",
  "                                 │   • Run lint and typecheck                                                                    │",
  "                                 │                                                                                               │",
  "                                 │                                                                                               │",
  " o open diff   p pause/resume   r request changes   a actions   x stop                                                                          1–4 tabs · 5 stats (when available)",
  "╭──────────────────────────────────────────────────────────────────────────────────────────────────────────────────────────────────────────────────────────────────────────────────╮",
  "│ > Ask Amira or enter a command after closing this view…                                                                                      Hint only · close this view to send │",
  "╰──────────────────────────────────────────────────────────────────────────────────────────────────────────────────────────────────────────────────────────────────────────────────╯",
  "Tab focus · arrows navigate · Enter open/send · PgUp PgDn scroll · Esc close",
]
`;
